{
  "products": [
    {
      "name": "EcoBoard Pro X-340",
      "brand": "GreenMaterials Inc.",
      "summary": "High-performance sustainable wood panel for architectural applications",
      "category": "Wood",
      "dimensions": {
        "width_mm": 2400,
        "height_mm": 1200,
        "length_mm": null
      },
      "product_code": "X-340",
      "material_composition": "FSC-certified engineered wood with low-VOC finish",
      "certifications": ["ISO 14001", "FSC"]
    },
    {
      "name": "EcoBoard Pro X-350",
      "brand": "GreenMaterials Inc.",
      "summary": "Premium sustainable wood panel with enhanced durability",
      "category": "Wood",
      "dimensions": {
        "width_mm": 3000,
        "height_mm": 1500,
        "length_mm": null
      },
      "product_code": "X-350",
      "material_composition": "FSC-certified engineered wood with moisture-resistant treatment",
      "certifications": ["ISO 14001", "FSC", "LEED v4"]
    }
  ],
  "metadata": {
    "source_file": "multi_product.pdf",
    "product_count": 2,
    "extraction_time": "2023-10-15T14:35:00Z"
  }
}